// Jest Snapshot v1, https://goo.gl/fbAQLP

exports[`CarouselIndicator renders correctly 1`] = `
<View
  style={
    Object {
      "flexDirection": "row",
      "paddingHorizontal": 10,
      "paddingVertical": 9.857142857142858,
    }
  }
>
  <View
    style={
      Object {
        "backgroundColor": "#FFFFFF",
        "borderColor": "#DED9D9",
        "borderRadius": 9.107142857142858,
        "borderWidth": 1.8214285714285714,
        "height": 19.714285714285715,
        "marginHorizontal": 4,
        "width": 19.714285714285715,
      }
    }
  />
  <View
    style={
      Object {
        "backgroundColor": "#DED9D9",
        "borderColor": "#DED9D9",
        "borderRadius": 9.857142857142858,
        "borderWidth": 1.8214285714285714,
        "height": 19.714285714285715,
        "marginHorizontal": 4,
        "width": 19.714285714285715,
      }
    }
  />
  <View
    style={
      Object {
        "backgroundColor": "#DED9D9",
        "borderColor": "#DED9D9",
        "borderRadius": 9.857142857142858,
        "borderWidth": 1.8214285714285714,
        "height": 19.714285714285715,
        "marginHorizontal": 4,
        "width": 19.714285714285715,
      }
    }
  />
  <View
    style={
      Object {
        "backgroundColor": "#DED9D9",
        "borderColor": "#DED9D9",
        "borderRadius": 9.857142857142858,
        "borderWidth": 1.8214285714285714,
        "height": 19.714285714285715,
        "marginHorizontal": 4,
        "width": 19.714285714285715,
      }
    }
  />
</View>
`;
